[
    "{\"code\": \"23\", \"libelle\": \"D\\u00e9velopper sa mobilit\\u00e9\", \"valeur\": \"CLOTUREE\", \"date\": \"2023-05-12T12:54:39+00:00\", \"situations\": [{\"code\": \"6\", \"libelle\": \"Aucun moyen de transport \\u00e0 disposition\", \"valeur\": \"NON_ABORDEE\"}, {\"code\": \"7\", \"libelle\": \"D\\u00e9pendant des transports en commun\", \"valeur\": \"OUI\"}, {\"code\": \"8\", \"libelle\": \"Permis non valide / suspension de permis\", \"valeur\": \"NON_ABORDEE\"}, {\"code\": \"40\", \"libelle\": \"\\u00c9tat de sant\\u00e9 incompatible avec la conduite\", \"valeur\": \"NON_ABORDEE\"}]}",
    "{\"code\": \"24\", \"libelle\": \"Surmonter ses contraintes familiales\", \"valeur\": \"NON_ABORDEE\", \"date\": null, \"situations\": [{\"code\": \"9\", \"libelle\": \"Enfant(s) en situation de handicap\", \"valeur\": \"NON_ABORDEE\"}, {\"code\": \"10\", \"libelle\": \"Contraintes horaires\", \"valeur\": \"NON_ABORDEE\"}, {\"code\": \"11\", \"libelle\": \"Aidant familial (s'occuper d'un proche)\", \"valeur\": \"NON_ABORDEE\"}, {\"code\": \"12\", \"libelle\": \"Autres contraintes familiales \\u00e0 prendre en compte\", \"valeur\": \"NON_ABORDEE\"}, {\"code\": \"13\", \"libelle\": \"Enfant(s) de moins de 3 ans sans solution de garde\", \"valeur\": \"NON_ABORDEE\"}, {\"code\": \"14\", \"libelle\": \"Attend un enfant ou plus\", \"valeur\": \"NON_ABORDEE\"}]}",
    "{\"code\": \"25\", \"libelle\": \"Prendre en compte son \\u00e9tat de sant\\u00e9\", \"valeur\": \"NON_ABORDEE\", \"date\": null, \"situations\": [{\"code\": \"15\", \"libelle\": \"Probl\\u00e8me d\\u00e9clar\\u00e9 entravant l'exercice de certains m\\u00e9tiers\", \"valeur\": \"NON_ABORDEE\"}, {\"code\": \"16\", \"libelle\": \"Couverture sociale / mutuelle \\u00e0 mettre \\u00e0 jour\", \"valeur\": \"NON_ABORDEE\"}, {\"code\": \"17\", \"libelle\": \"Probl\\u00e8me d\\u00e9clar\\u00e9 ne permettant plus d'exercer une activit\\u00e9 professionnelle\", \"valeur\": \"NON_ABORDEE\"}, {\"code\": \"18\", \"libelle\": \"Probl\\u00e8me d\\u00e9clar\\u00e9 ne permettant pas de reprendre une activit\\u00e9 professionnelle imm\\u00e9diate\", \"valeur\": \"NON_ABORDEE\"}, {\"code\": \"19\", \"libelle\": \"Probl\\u00e8me d\\u00e9clar\\u00e9 entrainant des absences r\\u00e9guli\\u00e8res\", \"valeur\": \"NON_ABORDEE\"}]}",
    "{\"code\": \"26\", \"libelle\": \"D\\u00e9velopper ses capacit\\u00e9s en lecture, \\u00e9criture et calcul\", \"valeur\": \"CLOTUREE\", \"date\": \"2023-05-11T08:41:58+00:00\", \"situations\": [{\"code\": \"20\", \"libelle\": \"Non maitrise de l'\\u00e9crit en fran\\u00e7ais (\\u00e9crit)\", \"valeur\": \"NON_ABORDEE\"}, {\"code\": \"21\", \"libelle\": \"Non maitrise de la lecture en fran\\u00e7ais (lu)\", \"valeur\": \"NON_ABORDEE\"}, {\"code\": \"22\", \"libelle\": \"Non maitrise de la compr\\u00e9hension du fran\\u00e7ais (parl\\u00e9)\", \"valeur\": \"NON_ABORDEE\"}, {\"code\": \"23\", \"libelle\": \"Difficult\\u00e9s en calcul\", \"valeur\": \"OUI\"}]}",
    "{\"code\": \"27\", \"libelle\": \"Faire face \\u00e0 des difficult\\u00e9s de logement\", \"valeur\": \"NON_ABORDEE\", \"date\": null, \"situations\": [{\"code\": \"24\", \"libelle\": \"Sans h\\u00e9bergement / rupture effective de logement\", \"valeur\": \"NON_ABORDEE\"}, {\"code\": \"25\", \"libelle\": \"Logement insalubre\", \"valeur\": \"NON_ABORDEE\"}, {\"code\": \"26\", \"libelle\": \"Difficult\\u00e9 \\u00e0 payer le loyer\", \"valeur\": \"NON_ABORDEE\"}, {\"code\": \"27\", \"libelle\": \"Doit quitter le logement\", \"valeur\": \"NON_ABORDEE\"}, {\"code\": \"28\", \"libelle\": \"Territoire rural isol\\u00e9\", \"valeur\": \"NON_ABORDEE\"}, {\"code\": \"41\", \"libelle\": \"Besoin d'adapter le logement\", \"valeur\": \"NON_ABORDEE\"}]}",
    "{\"code\": \"28\", \"libelle\": \"Faire face \\u00e0 des difficult\\u00e9s financi\\u00e8res\", \"valeur\": \"NON_ABORDEE\", \"date\": null, \"situations\": [{\"code\": \"29\", \"libelle\": \"Sans aucune ressource\", \"valeur\": \"NON_ABORDEE\"}, {\"code\": \"30\", \"libelle\": \"Baisse des ressources\", \"valeur\": \"NON_ABORDEE\"}, {\"code\": \"31\", \"libelle\": \"Difficult\\u00e9 dans la gestion d'un budget\", \"valeur\": \"NON_ABORDEE\"}, {\"code\": \"32\", \"libelle\": \"En situation de surendettement\", \"valeur\": \"NON_ABORDEE\"}, {\"code\": \"33\", \"libelle\": \"Besoin d'un soutien alimentaire\", \"valeur\": \"NON_ABORDEE\"}, {\"code\": \"34\", \"libelle\": \"Ressources pr\\u00e9caires (inf\\u00e9rieures au seuil de pauvret\\u00e9)\", \"valeur\": \"NON_ABORDEE\"}]}",
    "{\"code\": \"29\", \"libelle\": \"Faire face \\u00e0 des difficult\\u00e9s administratives ou juridiques\", \"valeur\": \"NON_ABORDEE\", \"date\": null, \"situations\": [{\"code\": \"35\", \"libelle\": \"Difficult\\u00e9s \\u00e0 effectuer une d\\u00e9marche administrative\", \"valeur\": \"NON_ABORDEE\"}, {\"code\": \"36\", \"libelle\": \"Besoin d'etre guid\\u00e9 dans le cadre d'un acc\\u00e8s aux droits\", \"valeur\": \"NON_ABORDEE\"}, {\"code\": \"37\", \"libelle\": \"Rencontre des difficult\\u00e9s juridiques\", \"valeur\": \"NON_ABORDEE\"}, {\"code\": \"38\", \"libelle\": \"Difficult\\u00e9 \\u00e0 acc\\u00e9der \\u00e0 un justificatif d'identit\\u00e9\", \"valeur\": \"NON_ABORDEE\"}, {\"code\": \"39\", \"libelle\": \"Difficult\\u00e9 \\u00e0 acc\\u00e9der \\u00e0 son avis d'imposition\", \"valeur\": \"NON_ABORDEE\"}]}"
]
