{
    "data": {
        "besoinsParDiagnosticIndividuDtos": [],
        "contraintesIndividusDto": {
            "code": "7",
            "conseiller": "TNAN0260",
            "contraintes": [
                {
                    "code": "27",
                    "date": "2023-05-12T12:54:39+00:00",
                    "libelle": "Faire face \u00e0 des difficult\u00e9s de logement",
                    "objectifs": [],
                    "situations": [
                        {
                            "code": "24",
                            "libelle": "H\u00e9berg\u00e9 chez un tiers",
                            "valeur": "OUI"
                        },
                        {
                            "code": "27",
                            "libelle": "Besoin d'\u00eatre guid\u00e9 dans le cadre d'un acc\u00e8s aux droits",
                            "valeur": "OUI"
                        },
                        {
                            "code": "26",
                            "libelle": "Pr\u00eat  \u00e0 suivre une formation",
                            "valeur": "OUI"
                        }
                    ],
                    "valeur": "OUI"
                },
                {
                    "code": "29",
                    "date": "2022-05-12T12:54:39+00:00",
                    "libelle": "Faire face \u00e0 des difficult\u00e9s administratives ou juridiques",
                    "objectifs": [],
                    "situations": [
                        {
                            "code": "36",
                            "libelle": "Attend un enfant ou plus",
                            "valeur": "OUI"
                        }
                    ],
                    "valeur": "OUI"
                }
            ],
            "dateDeModification": "2023-05-12T12:54:39.000+00:00",
            "libelle": "R\u00e9soudre ses contraintes personnelles"
        }
    },
    "hash": "2aad2b3fa1a74287ddc5551e3708af845ec7591bb9d8a5412fd065cf09a17bdf",
    "source": "peio"
}
