{
    "subject": "R\u00e9orientation d\u2019un b\u00e9n\u00e9ficiaire",
    "to": "pierre.chevalier@livry-gargan.fr"
}
