{'email_new_referent': '\n\n\n<!DOCTYPE html>\n<html lang="fr">\n\t<head>\n\t\t<meta charset="UTF-8" />\n\t\t<meta http-equiv="X-UA-Compatible" content="IE=edge" />\n\t\t<meta name="viewport" content="width=device-width, initial-scale=1.0" />\n\t\t<title>Orientation d’un bénéficiaire</title>\n\t</head>\n\t<body>\n\t\t<h1>\n\t\t\tOrientation d’un bénéficiaire\n\t\t</h1>\n\t\t<p>Bénéficiaire&nbsp;: <strong>Noel Keller</strong></p>\n\n\t\t<p>\n\t\t\tOrientation&nbsp;:\n\t\t\t\n\t\t\t<strong>Social</strong>\n\t\t</p>\n\t\t\n\n\t\t<p>\n\t\t\tPour accéder à Carnet de bord, veuillez cliquer sur le lien\n\t\t\tci-dessous&nbsp;:\n\t\t</p>\n\t\t<p style="padding-left: 20%">\n\t\t\t<a\n\t\t\t\trel="nofollow"\n\t\t\t\thref="http://localhost:3001"\n\t\t\t\tstyle="\n\t\t\t\t\tbackground-color: #6a20ae;\n\t\t\t\t\tfont-size: 14px;\n\t\t\t\t\tfont-family: Helvetica, Arial, sans-serif;\n\t\t\t\t\tfont-weight: bold;\n\t\t\t\t\ttext-decoration: none;\n\t\t\t\t\tpadding: 8px 10px;\n\t\t\t\t\tcolor: #ffffff;\n\t\t\t\t\tborder-radius: 5px;\n\t\t\t\t\tdisplay: inline-block;\n\t\t\t\t"\n\t\t\t>\n\t\t\t\t<span>Accédez à Carnet de bord</span>\n\t\t\t</a>\n\t\t</p>\n\t\t<p>L\'équipe Carnet de bord</p>\n\t</body>\n</html>'}
