call(to='pierre.chevalier@livry-gargan.fr', subject='Réorientation d’un bénéficiaire', message='\n\n\n<!DOCTYPE html>\n<html lang="fr">\n\t<head>\n\t\t<meta charset="UTF-8" />\n\t\t<meta http-equiv="X-UA-Compatible" content="IE=edge" />\n\t\t<meta name="viewport" content="width=device-width, initial-scale=1.0" />\n\t\t<title>Réorientation d’un bénéficiaire</title>\n\t</head>\n\t<body>\n\t\t<h1>\n\t\t\tRéorientation d’un bénéficiaire\n\t\t</h1>\n\t\t<p>Bénéficiaire&nbsp;: <strong>Sophie Tifour</strong></p>\n\n\t\t\n\t\t\n\t\t<div style="display: flex">\n\t\t\t<p>Suivi précédent&nbsp;:</p>\n\t\t\t<div>\n\t\t\t\t<ul style="list-style-type:none; margin: 0; padding: 0">\n\t\t\t\t\t\n\t\t\t\t\t<li><strong>Pierre Chevalier (Centre Communal d&#39;action social Livry-Gargan)</strong></li>\n\t\t\t\t\t\n\t\t\t\t</ul>\n\t\t\t</div>\n\t\t</div>\n\t\t<p>\n\t\t\tNouveau suivi&nbsp;:<strong>Paul Camara (Service Social Départemental)</strong>\n\t\t</p>\n\t\t\n\n\t\t<p>\n\t\t\tPour accéder à Carnet de bord, veuillez cliquer sur le lien\n\t\t\tci-dessous&nbsp;:\n\t\t</p>\n\t\t<p style="padding-left: 20%">\n\t\t\t<a\n\t\t\t\trel="nofollow"\n\t\t\t\thref="http://localhost:3001"\n\t\t\t\tstyle="\n\t\t\t\t\tbackground-color: #6a20ae;\n\t\t\t\t\tfont-size: 14px;\n\t\t\t\t\tfont-family: Helvetica, Arial, sans-serif;\n\t\t\t\t\tfont-weight: bold;\n\t\t\t\t\ttext-decoration: none;\n\t\t\t\t\tpadding: 8px 10px;\n\t\t\t\t\tcolor: #ffffff;\n\t\t\t\t\tborder-radius: 5px;\n\t\t\t\t\tdisplay: inline-block;\n\t\t\t\t"\n\t\t\t>\n\t\t\t\t<span>Accédez à Carnet de bord</span>\n\t\t\t</a>\n\t\t</p>\n\t\t<p>L\'équipe Carnet de bord</p>\n\t</body>\n</html>')
