


<!DOCTYPE html>
<html lang="fr">
	<head>
		<meta charset="UTF-8" />
		<meta http-equiv="X-UA-Compatible" content="IE=edge" />
		<meta name="viewport" content="width=device-width, initial-scale=1.0" />
		<title>Réorientation d’un bénéficiaire</title>
	</head>
	<body>
		<h1>
			Réorientation d’un bénéficiaire
		</h1>
		<p>Bénéficiaire&nbsp;: <strong>Sophie Tifour</strong></p>

		
		
		<div style="display: flex">
			<p>Suivi précédent&nbsp;:</p>
			<div>
				<ul style="list-style-type:none; margin: 0; padding: 0">
					
					<li><strong>Pierre Chevalier (Centre Communal d&#39;action social Livry-Gargan)</strong></li>
					
				</ul>
			</div>
		</div>
		<p>
			Nouveau suivi&nbsp;:<strong>Paul Camara (Service Social Départemental)</strong>
		</p>
		

		<p>
			Pour accéder à Carnet de bord, veuillez cliquer sur le lien
			ci-dessous&nbsp;:
		</p>
		<p style="padding-left: 20%">
			<a
				rel="nofollow"
				href="http://localhost:3001"
				style="
					background-color: #6a20ae;
					font-size: 14px;
					font-family: Helvetica, Arial, sans-serif;
					font-weight: bold;
					text-decoration: none;
					padding: 8px 10px;
					color: #ffffff;
					border-radius: 5px;
					display: inline-block;
				"
			>
				<span>Accédez à Carnet de bord</span>
			</a>
		</p>
		<p>L'équipe Carnet de bord</p>
	</body>
</html>
