{
    "madate": "2003-02-01",
    "payload": "payload"
}
